keyword int
identifier main
operator (
keyword void
operator )
operator {
keyword signed
keyword int
identifier x
operator ,
operator *
identifier p
operator ;
identifier x
operator =
decimal 123
operator ;
identifier x
operator =
operator -
hexadecimal 0xAb123
operator ;
identifier x
operator =
decimal 1
operator !=
decimal 0
operator ;
identifier p
operator =
operator &
identifier x
operator ;
identifier x
operator =
operator !
operator !
identifier p
operator ;
identifier x
operator >=
character '\''
operator ;
identifier x
operator <=
hexadecimal 0x1aB9dEf9
operator ;
identifier x
operator >
decimal 377
operator ;
operator }
