add
addr
addr
neg
neg
neg
neg
neg
neg
neg
neg
neg
neg
not
not
not
not
not
not
not
not
not
not
not
not
not
not
