sizeof
sub
geq
sub
index
index
index
eql
sizeof
sizeof
